Menu Principal
1 - Novo
2 - Abrir
0 - Sair
Escolha uma opção: Menu Principal
1 - Novo
2 - Abrir
3 - Guardar
4 - Login
5 - Menu Shell
6 - Menu Utilizador
0 - Sair
Escolha uma opção: Menu Utilizador
1 - Criar utilizador
2 - Listar utilizadores
0 - Sair
Escolha uma opção: Identificador do utilizador: Nome do utilizador: Menu Utilizador
1 - Criar utilizador
2 - Listar utilizadores
0 - Sair
Escolha uma opção: Identificador do utilizador: Nome do utilizador: Menu Utilizador
1 - Criar utilizador
2 - Listar utilizadores
0 - Sair
Escolha uma opção: Identificador do utilizador: Nome do utilizador: Menu Utilizador
1 - Criar utilizador
2 - Listar utilizadores
0 - Sair
Escolha uma opção: Identificador do utilizador: Nome do utilizador: Menu Utilizador
1 - Criar utilizador
2 - Listar utilizadores
0 - Sair
Escolha uma opção: Identificador do utilizador: Nome do utilizador: Menu Utilizador
1 - Criar utilizador
2 - Listar utilizadores
0 - Sair
Escolha uma opção: Identificador do utilizador: Nome do utilizador: Menu Utilizador
1 - Criar utilizador
2 - Listar utilizadores
0 - Sair
Escolha uma opção: a:a:/home/a
aa:a:/home/aa
d:d:/home/d
r:r:/home/r
root:Super User:/home/root
rr:rr:/home/rr
z:z:/home/z
Menu Utilizador
1 - Criar utilizador
2 - Listar utilizadores
0 - Sair
Escolha uma opção: Menu Principal
1 - Novo
2 - Abrir
3 - Guardar
4 - Login
5 - Menu Shell
6 - Menu Utilizador
0 - Sair
Escolha uma opção: 