Menu Principal
1 - Novo
2 - Abrir
0 - Sair
Escolha uma opção: Ficheiro a abrir: O ficheiro não existe.
Menu Principal
1 - Novo
2 - Abrir
0 - Sair
Escolha uma opção: 
