Menu Principal
1 - Novo
2 - Abrir
3 - Guardar
4 - Login
5 - Menu Shell
6 - Menu Utilizador
0 - Sair
Escolha uma opção: Identificador do utilizador: Menu Principal
1 - Novo
2 - Abrir
3 - Guardar
4 - Login
5 - Menu Shell
6 - Menu Utilizador
0 - Sair
Escolha uma opção: Menu de Shell
1 - Listar
2 - Listar entrada
3 - Remover entrada
4 - Mudar o directório de trabalho
5 - Criar ficheiro
6 - Criar directório
7 - Mostrar o directório de trabalho
8 - Adicionar linha a ficheiro
9 - Ver conteúdo de ficheiro
10 - Mudar permissões de entrada
11 - Mudar dono de entrada
0 - Sair
Escolha uma opção: Indique o nome do directório: Menu de Shell
1 - Listar
2 - Listar entrada
3 - Remover entrada
4 - Mudar o directório de trabalho
5 - Criar ficheiro
6 - Criar directório
7 - Mostrar o directório de trabalho
8 - Adicionar linha a ficheiro
9 - Ver conteúdo de ficheiro
10 - Mudar permissões de entrada
11 - Mudar dono de entrada
0 - Sair
Escolha uma opção: Indique o nome do directório: Menu de Shell
1 - Listar
2 - Listar entrada
3 - Remover entrada
4 - Mudar o directório de trabalho
5 - Criar ficheiro
6 - Criar directório
7 - Mostrar o directório de trabalho
8 - Adicionar linha a ficheiro
9 - Ver conteúdo de ficheiro
10 - Mudar permissões de entrada
11 - Mudar dono de entrada
0 - Sair
Escolha uma opção: Indique o nome do ficheiro: Insira a linha de texto a acrescentar ao ficheiro: Menu de Shell
1 - Listar
2 - Listar entrada
3 - Remover entrada
4 - Mudar o directório de trabalho
5 - Criar ficheiro
6 - Criar directório
7 - Mostrar o directório de trabalho
8 - Adicionar linha a ficheiro
9 - Ver conteúdo de ficheiro
10 - Mudar permissões de entrada
11 - Mudar dono de entrada
0 - Sair
Escolha uma opção: d - vader 48 .
d - root 40 ..
- - vader 29 filePriv
- w vader 22 filePub
d - vader 16 private
d w vader 16 public
Menu de Shell
1 - Listar
2 - Listar entrada
3 - Remover entrada
4 - Mudar o directório de trabalho
5 - Criar ficheiro
6 - Criar directório
7 - Mostrar o directório de trabalho
8 - Adicionar linha a ficheiro
9 - Ver conteúdo de ficheiro
10 - Mudar permissões de entrada
11 - Mudar dono de entrada
0 - Sair
Escolha uma opção: Indique o nome do ficheiro: This is a private file
12345

Menu de Shell
1 - Listar
2 - Listar entrada
3 - Remover entrada
4 - Mudar o directório de trabalho
5 - Criar ficheiro
6 - Criar directório
7 - Mostrar o directório de trabalho
8 - Adicionar linha a ficheiro
9 - Ver conteúdo de ficheiro
10 - Mudar permissões de entrada
11 - Mudar dono de entrada
0 - Sair
Escolha uma opção: Menu Principal
1 - Novo
2 - Abrir
3 - Guardar
4 - Login
5 - Menu Shell
6 - Menu Utilizador
0 - Sair
Escolha uma opção: 